[detached HEAD 71665897] feat(longterm): 普通背诵错误路径前端接入 (#48)
 Author: LongdaFeng <hustjackie@gmail.com>
 9 files changed, 881 insertions(+), 21 deletions(-)
 create mode 100644 src/ui/src/shared/native/longterm.ts
 create mode 100644 tests/unit/ui/longterm-ipc.test.ts
 create mode 100644 tests/unit/ui/longterm-ordinary-error.test.tsx
Rebasing (14/46)
Rebasing (15/46)
Rebasing (16/46)
Rebasing (17/46)
Rebasing (18/46)
Rebasing (19/46)
Rebasing (20/46)
Rebasing (21/46)
Rebasing (22/46)
Rebasing (23/46)
Rebasing (24/46)
Rebasing (25/46)
Rebasing (26/46)
Rebasing (27/46)
Rebasing (28/46)
Rebasing (29/46)
Rebasing (30/46)
Rebasing (31/46)
Rebasing (32/46)
Rebasing (33/46)
Rebasing (34/46)
Rebasing (35/46)
Rebasing (36/46)
Rebasing (37/46)
Rebasing (38/46)
Rebasing (39/46)
Rebasing (40/46)
Rebasing (41/46)
Rebasing (42/46)
Rebasing (43/46)
Rebasing (44/46)
Rebasing (45/46)
Rebasing (46/46)
Auto-merging src/app/src/storage.rs
Auto-merging src/crates/storage-seekdb/src/user_backup.rs
Auto-merging src/crates/storage-seekdb/src/user_documents.rs
Auto-merging src/crates/storage-seekdb/src/user_learning.rs
Auto-merging src/ui/src/shared/features/spelling/Spelling.tsx
CONFLICT (content): Merge conflict in src/ui/src/shared/features/spelling/Spelling.tsx
Auto-merging tests/unit/ui/study.test.tsx
CONFLICT (content): Merge conflict in tests/unit/ui/study.test.tsx
error: could not apply b08c3a7a... fix: integrate longterm learning with portable user state and epoch guards
hint: Resolve all conflicts manually, mark them as resolved with
hint: "git add/rm <conflicted_files>", then run "git rebase --continue".
hint: You can instead skip this commit: run "git rebase --skip".
hint: To abort and get back to the state before "git rebase", run "git rebase --abort".
hint: Disable this message with "git config set advice.mergeConflict false"
Could not apply b08c3a7a... # fix: integrate longterm learning with portable user state and epoch guards
